{
    "name": "adder",
    "version": "1.2.3",
    "entries": [
        {
            "path": "Cargo.toml",
            "content": "W3BhY2thZ2VdCm5hbWUgPSAiYWRkZXIiCnZlcnNpb24gPSAiMS4yLjMiCmF1dGhvcnMgPSBbInlvdSJdCmVkaXRpb24gPSAiMjAxOCIKcHVibGlzaCA9IGZhbHNlCgpbbGliXQpwYXRoID0gInNyYy9hZGRlci5ycyIKCltkZXBlbmRlbmNpZXMuZWxyb25kLXdhc21dCnZlcnNpb24gPSAiMC4zNi4xIgoKW2Rldi1kZXBlbmRlbmNpZXMuZWxyb25kLXdhc20tZGVidWddCnZlcnNpb24gPSAiMC4zNi4xIgo="
        },
        {
            "path": "elrond.json",
            "content": "ewogICAgImxhbmd1YWdlIjogInJ1c3QiCn0="
        },
        {
            "path": "src/adder.rs",
            "content": "IyFbbm9fc3RkXQoKZWxyb25kX3dhc206OmltcG9ydHMhKCk7CgovLy8gT25lIG9mIHRoZSBzaW1wbGVzdCBzbWFydCBjb250cmFjdHMgcG9zc2libGUsCi8vLyBpdCBob2xkcyBhIHNpbmdsZSB2YXJpYWJsZSBpbiBzdG9yYWdlLCB3aGljaCBhbnlvbmUgY2FuIGluY3JlbWVudC4KI1tlbHJvbmRfd2FzbTo6Y29udHJhY3RdCnB1YiB0cmFpdCBBZGRlciB7CiAgICAjW3ZpZXcoZ2V0U3VtKV0KICAgICNbc3RvcmFnZV9tYXBwZXIoInN1bSIpXQogICAgZm4gc3VtKCZzZWxmKSAtPiBTaW5nbGVWYWx1ZU1hcHBlcjxCaWdVaW50PjsKCiAgICAjW2luaXRdCiAgICBmbiBpbml0KCZzZWxmLCBpbml0aWFsX3ZhbHVlOiBCaWdVaW50KSB7CiAgICAgICAgc2VsZi5zdW0oKS5zZXQoaW5pdGlhbF92YWx1ZSk7CiAgICB9CgogICAgLy8vIEFkZCBkZXNpcmVkIGFtb3VudCB0byB0aGUgc3RvcmFnZSB2YXJpYWJsZS4KICAgICNbZW5kcG9pbnRdCiAgICBmbiBhZGQoJnNlbGYsIHZhbHVlOiBCaWdVaW50KSB7CiAgICAgICAgc2VsZi5zdW0oKS51cGRhdGUofHN1bXwgKnN1bSArPSB2YWx1ZSk7CiAgICB9Cn0K"
        },
        {
            "path": "wasm/Cargo.toml",
            "content": "W3BhY2thZ2VdCm5hbWUgPSAiYWRkZXItd2FzbSIKdmVyc2lvbiA9ICIxLjIuMyIKYXV0aG9ycyA9IFsieW91Il0KZWRpdGlvbiA9ICIyMDE4IgpwdWJsaXNoID0gZmFsc2UKCltsaWJdCmNyYXRlLXR5cGUgPSBbImNkeWxpYiJdCgpbcHJvZmlsZS5yZWxlYXNlXQpjb2RlZ2VuLXVuaXRzID0gMQpvcHQtbGV2ZWwgPSAieiIKbHRvID0gdHJ1ZQpkZWJ1ZyA9IGZhbHNlCnBhbmljID0gImFib3J0IgoKW2RlcGVuZGVuY2llcy5hZGRlcl0KcGF0aCA9ICIuLiIKCltkZXBlbmRlbmNpZXMuZWxyb25kLXdhc20tbm9kZV0KdmVyc2lvbiA9ICIwLjM2LjEiCgpbZGVwZW5kZW5jaWVzLmVscm9uZC13YXNtLW91dHB1dF0KdmVyc2lvbiA9ICIwLjM2LjEiCmZlYXR1cmVzID0gWyJ3YXNtLW91dHB1dC1tb2RlIl0KClt3b3Jrc3BhY2VdCm1lbWJlcnMgPSBbIi4iXQo="
        },
        {
            "path": "wasm/Cargo.lock",
            "content": "IyBUaGlzIGZpbGUgaXMgYXV0b21hdGljYWxseSBAZ2VuZXJhdGVkIGJ5IENhcmdvLgojIEl0IGlzIG5vdCBpbnRlbmRlZCBmb3IgbWFudWFsIGVkaXRpbmcuCnZlcnNpb24gPSAzCgpbW3BhY2thZ2VdXQpuYW1lID0gImFkZGVyIgp2ZXJzaW9uID0gIjEuMi4zIgpkZXBlbmRlbmNpZXMgPSBbCiAiZWxyb25kLXdhc20iLApdCgpbW3BhY2thZ2VdXQpuYW1lID0gImFkZGVyLXdhc20iCnZlcnNpb24gPSAiMS4yLjMiCmRlcGVuZGVuY2llcyA9IFsKICJhZGRlciIsCiAiZWxyb25kLXdhc20tbm9kZSIsCiAiZWxyb25kLXdhc20tb3V0cHV0IiwKXQoKW1twYWNrYWdlXV0KbmFtZSA9ICJhaGFzaCIKdmVyc2lvbiA9ICIwLjcuNiIKc291cmNlID0gInJlZ2lzdHJ5K2h0dHBzOi8vZ2l0aHViLmNvbS9ydXN0LWxhbmcvY3JhdGVzLmlvLWluZGV4IgpjaGVja3N1bSA9ICJmY2I1MWEwNjk1ZDhmODM4YjFlZTAwOWIzZmJmNjZiZGEwNzhjZDY0NTkwMjAyYTg2NGE4ZjNlOGM0MzE1YzQ3IgpkZXBlbmRlbmNpZXMgPSBbCiAiZ2V0cmFuZG9tIiwKICJvbmNlX2NlbGwiLAogInZlcnNpb25fY2hlY2siLApdCgpbW3BhY2thZ2VdXQpuYW1lID0gImFycmF5dmVjIgp2ZXJzaW9uID0gIjAuNy4yIgpzb3VyY2UgPSAicmVnaXN0cnkraHR0cHM6Ly9naXRodWIuY29tL3J1c3QtbGFuZy9jcmF0ZXMuaW8taW5kZXgiCmNoZWNrc3VtID0gIjhkYTUyZDY2YzcwNzFlMmUzZmEyYTFlNWM2ZDA4OGZlYzQ3YjU5MzAzMmIyNTRmNWU5ODBkZThlYTU0NDU0ZDYiCgpbW3BhY2thZ2VdXQpuYW1lID0gImF1dG9jZmciCnZlcnNpb24gPSAiMS4xLjAiCnNvdXJjZSA9ICJyZWdpc3RyeStodHRwczovL2dpdGh1Yi5jb20vcnVzdC1sYW5nL2NyYXRlcy5pby1pbmRleCIKY2hlY2tzdW0gPSAiZDQ2ODgwMmJhYjE3Y2JjMGNjNTc1ZTliMDUzZjQxZTcyYWEzNmJmYTZiN2Y1NWUzNTI5ZmZhNDMxNjFiOTdmYSIKCltbcGFja2FnZV1dCm5hbWUgPSAiYml0ZmxhZ3MiCnZlcnNpb24gPSAiMS4zLjIiCnNvdXJjZSA9ICJyZWdpc3RyeStodHRwczovL2dpdGh1Yi5jb20vcnVzdC1sYW5nL2NyYXRlcy5pby1pbmRleCIKY2hlY2tzdW0gPSAiYmVmMzhkNDUxNjNjMmYxZGRlMDk0YTdkZmQzM2NjZjU5NWM5MjkwNWM4ZjhmNGZkYzE4ZDA2ZmIxMDM3NzE4YSIKCltbcGFja2FnZV1dCm5hbWUgPSAiY2ZnLWlmIgp2ZXJzaW9uID0gIjAuMS4xMCIKc291cmNlID0gInJlZ2lzdHJ5K2h0dHBzOi8vZ2l0aHViLmNvbS9ydXN0LWxhbmcvY3JhdGVzLmlvLWluZGV4IgpjaGVja3N1bSA9ICI0Nzg1YmRkMWM5NmIyYTg0NmIyYmQ3Y2MwMmU4NmI2YjNkYmYxNGU3ZTUzNDQ2YzRmNTRjOTJhMzYxMDQwODIyIgoKW1twYWNrYWdlXV0KbmFtZSA9ICJjZmctaWYiCnZlcnNpb24gPSAiMS4wLjAiCnNvdXJjZSA9ICJyZWdpc3RyeStodHRwczovL2dpdGh1Yi5jb20vcnVzdC1sYW5nL2NyYXRlcy5pby1pbmRleCIKY2hlY2tzdW0gPSAiYmFmMWRlNDMzOTc2MTU4OGJjMDYxOWUzY2JjMDEyMGVlNTgyZWJiNzRiNTNiNGVmYmY3OTExN2JkMmRhNDBmZCIKCltbcGFja2FnZV1dCm5hbWUgPSAiZWxyb25kLWNvZGVjIgp2ZXJzaW9uID0gIjAuMTQuMCIKc291cmNlID0gInJlZ2lzdHJ5K2h0dHBzOi8vZ2l0aHViLmNvbS9ydXN0LWxhbmcvY3JhdGVzLmlvLWluZGV4IgpjaGVja3N1bSA9ICIyYzg1YzU5NTE4NjRkZDQ4MTZlMWRmMmNlYWNjYjBmMjJjNjRmZjExN2RkY2RlMWY1MzM1MWFjZTRkNzg1YzQ3IgpkZXBlbmRlbmNpZXMgPSBbCiAiYXJyYXl2ZWMiLAogImVscm9uZC1jb2RlYy1kZXJpdmUiLAogIndlZV9hbGxvYyIsCl0KCltbcGFja2FnZV1dCm5hbWUgPSAiZWxyb25kLWNvZGVjLWRlcml2ZSIKdmVyc2lvbiA9ICIwLjE0LjAiCnNvdXJjZSA9ICJyZWdpc3RyeStodHRwczovL2dpdGh1Yi5jb20vcnVzdC1sYW5nL2NyYXRlcy5pby1pbmRleCIKY2hlY2tzdW0gPSAiMmE4OTg3YTdmNTA2YWU1YjM1MmFkN2FjMjhmYjEzYjlmNjAwMzU1YzhiODhhNDQ0ODgxZjg2YmM1NjVjNzVjZiIKZGVwZW5kZW5jaWVzID0gWwogImhleCIsCiAicHJvYy1tYWNybzIiLAogInF1b3RlIiwKICJzeW4iLApdCgpbW3BhY2thZ2VdXQpuYW1lID0gImVscm9uZC13YXNtIgp2ZXJzaW9uID0gIjAuMzYuMSIKc291cmNlID0gInJlZ2lzdHJ5K2h0dHBzOi8vZ2l0aHViLmNvbS9ydXN0LWxhbmcvY3JhdGVzLmlvLWluZGV4IgpjaGVja3N1bSA9ICI5ZmY3ZGQxMGY0YTcxMzNhMmM2ZmViM2Y3OWUwNDk1M2Y5YTNjMWVkYTlmODQ0NGI0M2MxMzAwZjMwMmUwMmZkIgpkZXBlbmRlbmNpZXMgPSBbCiAiYml0ZmxhZ3MiLAogImVscm9uZC1jb2RlYyIsCiAiZWxyb25kLXdhc20tZGVyaXZlIiwKICJnaXQtdmVyc2lvbiIsCiAiaGFzaGJyb3duIiwKICJoZXgtbGl0ZXJhbCIsCiAibnVtLXRyYWl0cyIsCiAid2VlX2FsbG9jIiwKXQoKW1twYWNrYWdlXV0KbmFtZSA9ICJlbHJvbmQtd2FzbS1kZXJpdmUiCnZlcnNpb24gPSAiMC4zNi4xIgpzb3VyY2UgPSAicmVnaXN0cnkraHR0cHM6Ly9naXRodWIuY29tL3J1c3QtbGFuZy9jcmF0ZXMuaW8taW5kZXgiCmNoZWNrc3VtID0gIjYwMzU4OTg5MTYzYWUxYzI4Yjc5ZDdjNjg3ODY5ODc0Yzc2NTAwMWJiZGZhMTJhMzFkZmQ5MjAzNTBiYzdhMjIiCmRlcGVuZGVuY2llcyA9IFsKICJoZXgiLAogInByb2MtbWFjcm8yIiwKICJxdW90ZSIsCiAicmFkaXhfdHJpZSIsCiAic3luIiwKXQoKW1twYWNrYWdlXV0KbmFtZSA9ICJlbHJvbmQtd2FzbS1ub2RlIgp2ZXJzaW9uID0gIjAuMzYuMSIKc291cmNlID0gInJlZ2lzdHJ5K2h0dHBzOi8vZ2l0aHViLmNvbS9ydXN0LWxhbmcvY3JhdGVzLmlvLWluZGV4IgpjaGVja3N1bSA9ICI0Y2I0ZDRjMWFjZWQ5NjdmODZkYmMyYTBhMDE5MTBkMWViYjEwY2VhYjQ1OWNiNGEzZDdkMmU0M2I0ZGYyZjliIgpkZXBlbmRlbmNpZXMgPSBbCiAiZWxyb25kLXdhc20iLApdCgpbW3BhY2thZ2VdXQpuYW1lID0gImVscm9uZC13YXNtLW91dHB1dCIKdmVyc2lvbiA9ICIwLjM2LjEiCnNvdXJjZSA9ICJyZWdpc3RyeStodHRwczovL2dpdGh1Yi5jb20vcnVzdC1sYW5nL2NyYXRlcy5pby1pbmRleCIKY2hlY2tzdW0gPSAiMzJhOGMwMjUxNWU0M2VmN2ZkYTBjNzRjYzRhMGE0ZDM1Mzg0NmFmOTk5Y2M4MDJjMjMwNmMzNGZkNzBjZGExMSIKZGVwZW5kZW5jaWVzID0gWwogImVscm9uZC13YXNtLW5vZGUiLAogIndlZV9hbGxvYyIsCl0KCltbcGFja2FnZV1dCm5hbWUgPSAiZW5kaWFuLXR5cGUiCnZlcnNpb24gPSAiMC4xLjIiCnNvdXJjZSA9ICJyZWdpc3RyeStodHRwczovL2dpdGh1Yi5jb20vcnVzdC1sYW5nL2NyYXRlcy5pby1pbmRleCIKY2hlY2tzdW0gPSAiYzM0ZjA0NjY2ZDgzNWZmNWQ2MmUwNThjMzk5NTE0N2MwNmY0MmZlODZmZjA1MzMzNzYzMmJjYTgzZTQyNzAyZCIKCltbcGFja2FnZV1dCm5hbWUgPSAiZ2V0cmFuZG9tIgp2ZXJzaW9uID0gIjAuMi44Igpzb3VyY2UgPSAicmVnaXN0cnkraHR0cHM6Ly9naXRodWIuY29tL3J1c3QtbGFuZy9jcmF0ZXMuaW8taW5kZXgiCmNoZWNrc3VtID0gImMwNWFlYjZhMjJiOGY2MjU0MGMxOTRhYWM5ODBmMjExNWFmMDY3YmZlMTVhMDczNGQ3Mjc3YTc2OGQzOTZiMzEiCmRlcGVuZGVuY2llcyA9IFsKICJjZmctaWYgMS4wLjAiLAogImxpYmMiLAogIndhc2kiLApdCgpbW3BhY2thZ2VdXQpuYW1lID0gImdpdC12ZXJzaW9uIgp2ZXJzaW9uID0gIjAuMy41Igpzb3VyY2UgPSAicmVnaXN0cnkraHR0cHM6Ly9naXRodWIuY29tL3J1c3QtbGFuZy9jcmF0ZXMuaW8taW5kZXgiCmNoZWNrc3VtID0gImY2YjBkZWNjMDJmNDYzNmI5Y2NhZDM5MGRjYmU3N2I3MjJhNzdlZmVkZmEzOTNjYWY4Mzc5YTUxZDVjNjE4OTkiCmRlcGVuZGVuY2llcyA9IFsKICJnaXQtdmVyc2lvbi1tYWNybyIsCiAicHJvYy1tYWNyby1oYWNrIiwKXQoKW1twYWNrYWdlXV0KbmFtZSA9ICJnaXQtdmVyc2lvbi1tYWNybyIKdmVyc2lvbiA9ICIwLjMuNSIKc291cmNlID0gInJlZ2lzdHJ5K2h0dHBzOi8vZ2l0aHViLmNvbS9ydXN0LWxhbmcvY3JhdGVzLmlvLWluZGV4IgpjaGVja3N1bSA9ICJmZTY5ZjFjYmRiNmUyOGFmMmJhYzIxNGU5NDNiOTljZThhMGEwNmI0NDdkMTVkM2U2MTE2MWIwNDIzMTM5ZjNmIgpkZXBlbmRlbmNpZXMgPSBbCiAicHJvYy1tYWNyby1oYWNrIiwKICJwcm9jLW1hY3JvMiIsCiAicXVvdGUiLAogInN5biIsCl0KCltbcGFja2FnZV1dCm5hbWUgPSAiaGFzaGJyb3duIgp2ZXJzaW9uID0gIjAuMTEuMiIKc291cmNlID0gInJlZ2lzdHJ5K2h0dHBzOi8vZ2l0aHViLmNvbS9ydXN0LWxhbmcvY3JhdGVzLmlvLWluZGV4IgpjaGVja3N1bSA9ICJhYjVlZjBkNDkwOWVmMzcyNGNjOGNjZTZjY2M4NTcyYzVjODE3NTkyZTkyODVmNTQ2NGY4ZTg2ZjhiZDM3MjZlIgpkZXBlbmRlbmNpZXMgPSBbCiAiYWhhc2giLApdCgpbW3BhY2thZ2VdXQpuYW1lID0gImhleCIKdmVyc2lvbiA9ICIwLjQuMyIKc291cmNlID0gInJlZ2lzdHJ5K2h0dHBzOi8vZ2l0aHViLmNvbS9ydXN0LWxhbmcvY3JhdGVzLmlvLWluZGV4IgpjaGVja3N1bSA9ICI3ZjI0MjU0YWE5YTU0YjVjODU4ZWFlZTJmNWJjY2RiNDZhYWYwZTQ4NmE1OTVlZDVmZDhmODZiYTU1MjMyYTcwIgoKW1twYWNrYWdlXV0KbmFtZSA9ICJoZXgtbGl0ZXJhbCIKdmVyc2lvbiA9ICIwLjMuNCIKc291cmNlID0gInJlZ2lzdHJ5K2h0dHBzOi8vZ2l0aHViLmNvbS9ydXN0LWxhbmcvY3JhdGVzLmlvLWluZGV4IgpjaGVja3N1bSA9ICI3ZWJkYjI5ZDJlYTllZDAwODNjZDhjZWNlNDliYmQ5NjgwMjFiZDk5YjA4NDllZGI0YTlhN2VlMGZkZjZhNGUwIgoKW1twYWNrYWdlXV0KbmFtZSA9ICJsaWJjIgp2ZXJzaW9uID0gIjAuMi4xMzciCnNvdXJjZSA9ICJyZWdpc3RyeStodHRwczovL2dpdGh1Yi5jb20vcnVzdC1sYW5nL2NyYXRlcy5pby1pbmRleCIKY2hlY2tzdW0gPSAiZmM3ZmNjNjIwYTNiZmY3Y2RkN2EzNjViZTMzNzZjOTcxOTFhZWFjY2MyYTYwM2U2MDA5NTFlNDUyNjE1YmY4OSIKCltbcGFja2FnZV1dCm5hbWUgPSAibWVtb3J5X3VuaXRzIgp2ZXJzaW9uID0gIjAuNC4wIgpzb3VyY2UgPSAicmVnaXN0cnkraHR0cHM6Ly9naXRodWIuY29tL3J1c3QtbGFuZy9jcmF0ZXMuaW8taW5kZXgiCmNoZWNrc3VtID0gIjg0NTIxMDViYTA0NzA2OGY0MGZmNzA5M2RkMWQ5ZGE5MDg5OGU2M2RkNjE3MzY0NjJlOWNkZGE2YTkwYWQzYzMiCgpbW3BhY2thZ2VdXQpuYW1lID0gIm5pYmJsZV92ZWMiCnZlcnNpb24gPSAiMC4wLjQiCnNvdXJjZSA9ICJyZWdpc3RyeStodHRwczovL2dpdGh1Yi5jb20vcnVzdC1sYW5nL2NyYXRlcy5pby1pbmRleCIKY2hlY2tzdW0gPSAiYzhkNzdmM2RiNGJjZTAzM2Y0ZDA0ZGIwODA3OWIyZWYxYzNkMDJiNDRlODZmMjVkMDg4ODZmYWZhNzc1NmZmYSIKCltbcGFja2FnZV1dCm5hbWUgPSAibnVtLXRyYWl0cyIKdmVyc2lvbiA9ICIwLjIuMTUiCnNvdXJjZSA9ICJyZWdpc3RyeStodHRwczovL2dpdGh1Yi5jb20vcnVzdC1sYW5nL2NyYXRlcy5pby1pbmRleCIKY2hlY2tzdW0gPSAiNTc4ZWRlMzRjZjAyZjg5MjRhYjk0NDdmNTBjMjgwNzViNGQzZTViMjY5OTcyMzQ1ZTdlMDM3MmIzOGM2Y2RjZCIKZGVwZW5kZW5jaWVzID0gWwogImF1dG9jZmciLApdCgpbW3BhY2thZ2VdXQpuYW1lID0gIm9uY2VfY2VsbCIKdmVyc2lvbiA9ICIxLjE2LjAiCnNvdXJjZSA9ICJyZWdpc3RyeStodHRwczovL2dpdGh1Yi5jb20vcnVzdC1sYW5nL2NyYXRlcy5pby1pbmRleCIKY2hlY2tzdW0gPSAiODZmMGIwZDRiZjc5OWVkYmM3NDUwOGMxZThiZjE3MGZmNWY0MTIzOGU1ZjgyMjU2MDNjYTdjYWFhZTJiNzg2MCIKCltbcGFja2FnZV1dCm5hbWUgPSAicHJvYy1tYWNyby1oYWNrIgp2ZXJzaW9uID0gIjAuNS4xOSIKc291cmNlID0gInJlZ2lzdHJ5K2h0dHBzOi8vZ2l0aHViLmNvbS9ydXN0LWxhbmcvY3JhdGVzLmlvLWluZGV4IgpjaGVja3N1bSA9ICJkYmYwYzQ4YmMxZDkxMzc1YWU1YzNjZDgxZTM3MjJkZmYxYWJjZjgxYTMwOTYwMjQwNjQwZDIyM2Y1OWZlMGU1IgoKW1twYWNrYWdlXV0KbmFtZSA9ICJwcm9jLW1hY3JvMiIKdmVyc2lvbiA9ICIxLjAuNDciCnNvdXJjZSA9ICJyZWdpc3RyeStodHRwczovL2dpdGh1Yi5jb20vcnVzdC1sYW5nL2NyYXRlcy5pby1pbmRleCIKY2hlY2tzdW0gPSAiNWVhM2Q5MDhiMGUzNjMxNmNhZjllOWUyYzQ2MjVjZGRlMTkwYTdlNmY0NDBkNzk0NjY3ZWQxN2ExODU1ZTcyNSIKZGVwZW5kZW5jaWVzID0gWwogInVuaWNvZGUtaWRlbnQiLApdCgpbW3BhY2thZ2VdXQpuYW1lID0gInF1b3RlIgp2ZXJzaW9uID0gIjEuMC4yMSIKc291cmNlID0gInJlZ2lzdHJ5K2h0dHBzOi8vZ2l0aHViLmNvbS9ydXN0LWxhbmcvY3JhdGVzLmlvLWluZGV4IgpjaGVja3N1bSA9ICJiYmU0NDhmMzc3YTdkNjk2MWUzMGY1OTU1ZjliOGQxMDZjM2Y1ZTQ0OWQ0OTNlZTFiMTI1YzFkNDNjMmI1MTc5IgpkZXBlbmRlbmNpZXMgPSBbCiAicHJvYy1tYWNybzIiLApdCgpbW3BhY2thZ2VdXQpuYW1lID0gInJhZGl4X3RyaWUiCnZlcnNpb24gPSAiMC4xLjYiCnNvdXJjZSA9ICJyZWdpc3RyeStodHRwczovL2dpdGh1Yi5jb20vcnVzdC1sYW5nL2NyYXRlcy5pby1pbmRleCIKY2hlY2tzdW0gPSAiM2QzNjgxYjI4Y2Q5NWFjZmIwNTYwZWE5NDQxZjgyZDZhNDUwNGZhM2IxNWI5N2JkN2I2ZTk1MjEzMTgyMGU5NSIKZGVwZW5kZW5jaWVzID0gWwogImVuZGlhbi10eXBlIiwKICJuaWJibGVfdmVjIiwKXQoKW1twYWNrYWdlXV0KbmFtZSA9ICJzeW4iCnZlcnNpb24gPSAiMS4wLjEwMyIKc291cmNlID0gInJlZ2lzdHJ5K2h0dHBzOi8vZ2l0aHViLmNvbS9ydXN0LWxhbmcvY3JhdGVzLmlvLWluZGV4IgpjaGVja3N1bSA9ICJhODY0MDQyMjI5MTMzYWRhOTVhYmYzYjU0ZmRjNjJlZjVjY2FiZTk1MTViNjQ3MTdiY2I5YTE5MTllNTk0NDVkIgpkZXBlbmRlbmNpZXMgPSBbCiAicHJvYy1tYWNybzIiLAogInF1b3RlIiwKICJ1bmljb2RlLWlkZW50IiwKXQoKW1twYWNrYWdlXV0KbmFtZSA9ICJ1bmljb2RlLWlkZW50Igp2ZXJzaW9uID0gIjEuMC41Igpzb3VyY2UgPSAicmVnaXN0cnkraHR0cHM6Ly9naXRodWIuY29tL3J1c3QtbGFuZy9jcmF0ZXMuaW8taW5kZXgiCmNoZWNrc3VtID0gIjZjZWFiMzlkNTllNGM5NDk5ZDRlNWE4ZWUwZTI3MzViODkxYmI3MzA4YWM4M2RmYjRlODBjYWQxOTVjOWY2ZjMiCgpbW3BhY2thZ2VdXQpuYW1lID0gInZlcnNpb25fY2hlY2siCnZlcnNpb24gPSAiMC45LjQiCnNvdXJjZSA9ICJyZWdpc3RyeStodHRwczovL2dpdGh1Yi5jb20vcnVzdC1sYW5nL2NyYXRlcy5pby1pbmRleCIKY2hlY2tzdW0gPSAiNDk4NzRiNTE2N2I2NWQ3MTkzYjhhYmExNTY3ZjVjN2Q5M2QwMDFjYWZjMzQ2MDBjZWUwMDNlZGE3ODdlNDgzZiIKCltbcGFja2FnZV1dCm5hbWUgPSAid2FzaSIKdmVyc2lvbiA9ICIwLjExLjArd2FzaS1zbmFwc2hvdC1wcmV2aWV3MSIKc291cmNlID0gInJlZ2lzdHJ5K2h0dHBzOi8vZ2l0aHViLmNvbS9ydXN0LWxhbmcvY3JhdGVzLmlvLWluZGV4IgpjaGVja3N1bSA9ICI5YzhkODdlNzJiNjRhM2I0ZGIyOGQxMWNlMjkyMzdjMjQ2MTg4ZjRmNTEwNTdkNjVhN2VhYjYzYjc5ODdlNDIzIgoKW1twYWNrYWdlXV0KbmFtZSA9ICJ3ZWVfYWxsb2MiCnZlcnNpb24gPSAiMC40LjUiCnNvdXJjZSA9ICJyZWdpc3RyeStodHRwczovL2dpdGh1Yi5jb20vcnVzdC1sYW5nL2NyYXRlcy5pby1pbmRleCIKY2hlY2tzdW0gPSAiZGJiM2I1YTZiMmJiMTdjYjZhZDQ0YTJlNjhhNDNlOGQyNzIyYzk5N2RhMTBlOTI4NjY1YzcyZWM2YzBhMGI4ZSIKZGVwZW5kZW5jaWVzID0gWwogImNmZy1pZiAwLjEuMTAiLAogImxpYmMiLAogIm1lbW9yeV91bml0cyIsCiAid2luYXBpIiwKXQoKW1twYWNrYWdlXV0KbmFtZSA9ICJ3aW5hcGkiCnZlcnNpb24gPSAiMC4zLjkiCnNvdXJjZSA9ICJyZWdpc3RyeStodHRwczovL2dpdGh1Yi5jb20vcnVzdC1sYW5nL2NyYXRlcy5pby1pbmRleCIKY2hlY2tzdW0gPSAiNWM4MzlhNjc0ZmNkN2E5ODk1MmU1OTMyNDJlYTQwMGFiZTkzOTkyNzQ2NzYxZTM4NjQxNDA1ZDI4YjAwZjQxOSIKZGVwZW5kZW5jaWVzID0gWwogIndpbmFwaS1pNjg2LXBjLXdpbmRvd3MtZ251IiwKICJ3aW5hcGkteDg2XzY0LXBjLXdpbmRvd3MtZ251IiwKXQoKW1twYWNrYWdlXV0KbmFtZSA9ICJ3aW5hcGktaTY4Ni1wYy13aW5kb3dzLWdudSIKdmVyc2lvbiA9ICIwLjQuMCIKc291cmNlID0gInJlZ2lzdHJ5K2h0dHBzOi8vZ2l0aHViLmNvbS9ydXN0LWxhbmcvY3JhdGVzLmlvLWluZGV4IgpjaGVja3N1bSA9ICJhYzNiODdjNjM2MjA0MjZkZDliOTkxZTVjZTAzMjllZmY1NDViY2NiYmIzNGYzYmUwOWZmNmZiNmFiNTFiN2I2IgoKW1twYWNrYWdlXV0KbmFtZSA9ICJ3aW5hcGkteDg2XzY0LXBjLXdpbmRvd3MtZ251Igp2ZXJzaW9uID0gIjAuNC4wIgpzb3VyY2UgPSAicmVnaXN0cnkraHR0cHM6Ly9naXRodWIuY29tL3J1c3QtbGFuZy9jcmF0ZXMuaW8taW5kZXgiCmNoZWNrc3VtID0gIjcxMmUyMjc4NDFkMDU3YzFlZTFjZDJmYjIyZmE3ZTVhNTQ2MWFlOGU0OGZhMmNhNzllYzQyY2ZjMTkzMTE4M2YiCg=="
        },
        {
            "path": "wasm/src/lib.rs",
            "content": "Ly8vLy8vLy8vLy8vLy8vLy8vLy8vLy8vLy8vLy8vLy8vLy8vLy8vLy8vLy8vLy8vLy8vLwovLy8vLy8vLy8vLy8vLy8vLy8gQVVUTy1HRU5FUkFURUQgLy8vLy8vLy8vLy8vLy8vLy8vCi8vLy8vLy8vLy8vLy8vLy8vLy8vLy8vLy8vLy8vLy8vLy8vLy8vLy8vLy8vLy8vLy8vLy8KCiMhW25vX3N0ZF0KCmVscm9uZF93YXNtX25vZGU6Ondhc21fZW5kcG9pbnRzISB7CiAgICBhZGRlcgogICAgKAogICAgICAgIGFkZAogICAgICAgIGdldFN1bQogICAgKQp9CgplbHJvbmRfd2FzbV9ub2RlOjp3YXNtX2VtcHR5X2NhbGxiYWNrISB7fQo="
        },
        {
            "path": "meta/Cargo.toml",
            "content": "W3BhY2thZ2VdCm5hbWUgPSAiYWRkZXItbWV0YSIKdmVyc2lvbiA9ICIwLjAuMCIKZWRpdGlvbiA9ICIyMDE4IgpwdWJsaXNoID0gZmFsc2UKCltkZXBlbmRlbmNpZXMuYWRkZXJdCnBhdGggPSAiLi4iCgpbZGVwZW5kZW5jaWVzLmVscm9uZC13YXNtLWRlYnVnXQp2ZXJzaW9uID0gIjAuMzYuMSIK"
        },
        {
            "path": "meta/src/main.rs",
            "content": "Zm4gbWFpbigpIHsKICAgIGVscm9uZF93YXNtX2RlYnVnOjptZXRhOjpwZXJmb3JtOjo8YWRkZXI6OkFiaVByb3ZpZGVyPigpOwp9Cg=="
        }
    ]
}
