{
    "name": "empty",
    "version": "4.5.6",
    "entries": [
        {
            "path": "Cargo.toml",
            "content": "W3BhY2thZ2VdCm5hbWUgPSAiZW1wdHkiCnZlcnNpb24gPSAiNC41LjYiCmF1dGhvcnMgPSBbInlvdSJdCmVkaXRpb24gPSAiMjAxOCIKcHVibGlzaCA9IGZhbHNlCgpbbGliXQpwYXRoID0gInNyYy9lbXB0eS5ycyIKCltkZXBlbmRlbmNpZXMuZWxyb25kLXdhc21dCnZlcnNpb24gPSAiMC4zNi4xIgoKW2Rldi1kZXBlbmRlbmNpZXMuZWxyb25kLXdhc20tZGVidWddCnZlcnNpb24gPSAiMC4zNi4xIgoKW2Rldi1kZXBlbmRlbmNpZXNdCm51bS1iaWdpbnQgPSAiMC40LjIiCg=="
        },
        {
            "path": "elrond.json",
            "content": "ewogICAgImxhbmd1YWdlIjogInJ1c3QiCn0="
        },
        {
            "path": "meta/Cargo.toml",
            "content": "W3BhY2thZ2VdCm5hbWUgPSAiZW1wdHktbWV0YSIKdmVyc2lvbiA9ICIwLjAuMCIKZWRpdGlvbiA9ICIyMDE4IgpwdWJsaXNoID0gZmFsc2UKCltkZXBlbmRlbmNpZXMuZW1wdHldCnBhdGggPSAiLi4iCgpbZGVwZW5kZW5jaWVzLmVscm9uZC13YXNtLWRlYnVnXQp2ZXJzaW9uID0gIjAuMzYuMSIK"
        },
        {
            "path": "meta/src/main.rs",
            "content": "Zm4gbWFpbigpIHsKICAgIGVscm9uZF93YXNtX2RlYnVnOjptZXRhOjpwZXJmb3JtOjo8ZW1wdHk6OkFiaVByb3ZpZGVyPigpOwp9Cg=="
        },
        {
            "path": "src/empty.rs",
            "content": "IyFbbm9fc3RkXQoKZWxyb25kX3dhc206OmltcG9ydHMhKCk7CgovLy8gQW4gZW1wdHkgY29udHJhY3QuIFRvIGJlIHVzZWQgYXMgYSB0ZW1wbGF0ZSB3aGVuIHN0YXJ0aW5nIGEgbmV3IGNvbnRyYWN0IGZyb20gc2NyYXRjaC4KI1tlbHJvbmRfd2FzbTo6Y29udHJhY3RdCnB1YiB0cmFpdCBFbXB0eUNvbnRyYWN0IHsKICAgICNbaW5pdF0KICAgIGZuIGluaXQoJnNlbGYpIHt9Cn0K"
        },
        {
            "path": "wasm/Cargo.lock",
            "content": "IyBUaGlzIGZpbGUgaXMgYXV0b21hdGljYWxseSBAZ2VuZXJhdGVkIGJ5IENhcmdvLgojIEl0IGlzIG5vdCBpbnRlbmRlZCBmb3IgbWFudWFsIGVkaXRpbmcuCnZlcnNpb24gPSAzCgpbW3BhY2thZ2VdXQpuYW1lID0gImFoYXNoIgp2ZXJzaW9uID0gIjAuNy40Igpzb3VyY2UgPSAicmVnaXN0cnkraHR0cHM6Ly9naXRodWIuY29tL3J1c3QtbGFuZy9jcmF0ZXMuaW8taW5kZXgiCmNoZWNrc3VtID0gIjQzYmI4MzNmMGJmOTc5ZDg0NzVkMzhmYmYwOWVkM2I4YTU1ZTE4ODVmZTkzYWQzZjkzMjM5ZmM2YTRmMTdiOTgiCmRlcGVuZGVuY2llcyA9IFsKICJnZXRyYW5kb20iLAogIm9uY2VfY2VsbCIsCiAidmVyc2lvbl9jaGVjayIsCl0KCltbcGFja2FnZV1dCm5hbWUgPSAiYXJyYXl2ZWMiCnZlcnNpb24gPSAiMC43LjEiCnNvdXJjZSA9ICJyZWdpc3RyeStodHRwczovL2dpdGh1Yi5jb20vcnVzdC1sYW5nL2NyYXRlcy5pby1pbmRleCIKY2hlY2tzdW0gPSAiYmU0ZGMwNzEzMWZmYTY5YjgwNzJkMzVmNTAwNzM1MmFmOTQ0MjEzY2RlMDI1NDVlMjEwMzY4MGJhZWQzOGZjZCIKCltbcGFja2FnZV1dCm5hbWUgPSAiYXV0b2NmZyIKdmVyc2lvbiA9ICIxLjEuMCIKc291cmNlID0gInJlZ2lzdHJ5K2h0dHBzOi8vZ2l0aHViLmNvbS9ydXN0LWxhbmcvY3JhdGVzLmlvLWluZGV4IgpjaGVja3N1bSA9ICJkNDY4ODAyYmFiMTdjYmMwY2M1NzVlOWIwNTNmNDFlNzJhYTM2YmZhNmI3ZjU1ZTM1MjlmZmE0MzE2MWI5N2ZhIgoKW1twYWNrYWdlXV0KbmFtZSA9ICJiaXRmbGFncyIKdmVyc2lvbiA9ICIxLjMuMiIKc291cmNlID0gInJlZ2lzdHJ5K2h0dHBzOi8vZ2l0aHViLmNvbS9ydXN0LWxhbmcvY3JhdGVzLmlvLWluZGV4IgpjaGVja3N1bSA9ICJiZWYzOGQ0NTE2M2MyZjFkZGUwOTRhN2RmZDMzY2NmNTk1YzkyOTA1YzhmOGY0ZmRjMThkMDZmYjEwMzc3MThhIgoKW1twYWNrYWdlXV0KbmFtZSA9ICJjZmctaWYiCnZlcnNpb24gPSAiMC4xLjEwIgpzb3VyY2UgPSAicmVnaXN0cnkraHR0cHM6Ly9naXRodWIuY29tL3J1c3QtbGFuZy9jcmF0ZXMuaW8taW5kZXgiCmNoZWNrc3VtID0gIjQ3ODViZGQxYzk2YjJhODQ2YjJiZDdjYzAyZTg2YjZiM2RiZjE0ZTdlNTM0NDZjNGY1NGM5MmEzNjEwNDA4MjIiCgpbW3BhY2thZ2VdXQpuYW1lID0gImNmZy1pZiIKdmVyc2lvbiA9ICIxLjAuMCIKc291cmNlID0gInJlZ2lzdHJ5K2h0dHBzOi8vZ2l0aHViLmNvbS9ydXN0LWxhbmcvY3JhdGVzLmlvLWluZGV4IgpjaGVja3N1bSA9ICJiYWYxZGU0MzM5NzYxNTg4YmMwNjE5ZTNjYmMwMTIwZWU1ODJlYmI3NGI1M2I0ZWZiZjc5MTE3YmQyZGE0MGZkIgoKW1twYWNrYWdlXV0KbmFtZSA9ICJlbHJvbmQtY29kZWMiCnZlcnNpb24gPSAiMC4xNC4wIgpzb3VyY2UgPSAicmVnaXN0cnkraHR0cHM6Ly9naXRodWIuY29tL3J1c3QtbGFuZy9jcmF0ZXMuaW8taW5kZXgiCmNoZWNrc3VtID0gIjJjODVjNTk1MTg2NGRkNDgxNmUxZGYyY2VhY2NiMGYyMmM2NGZmMTE3ZGRjZGUxZjUzMzUxYWNlNGQ3ODVjNDciCmRlcGVuZGVuY2llcyA9IFsKICJhcnJheXZlYyIsCiAiZWxyb25kLWNvZGVjLWRlcml2ZSIsCiAid2VlX2FsbG9jIiwKXQoKW1twYWNrYWdlXV0KbmFtZSA9ICJlbHJvbmQtY29kZWMtZGVyaXZlIgp2ZXJzaW9uID0gIjAuMTQuMCIKc291cmNlID0gInJlZ2lzdHJ5K2h0dHBzOi8vZ2l0aHViLmNvbS9ydXN0LWxhbmcvY3JhdGVzLmlvLWluZGV4IgpjaGVja3N1bSA9ICIyYTg5ODdhN2Y1MDZhZTViMzUyYWQ3YWMyOGZiMTNiOWY2MDAzNTVjOGI4OGE0NDQ4ODFmODZiYzU2NWM3NWNmIgpkZXBlbmRlbmNpZXMgPSBbCiAiaGV4IiwKICJwcm9jLW1hY3JvMiIsCiAicXVvdGUiLAogInN5biIsCl0KCltbcGFja2FnZV1dCm5hbWUgPSAiZWxyb25kLXdhc20iCnZlcnNpb24gPSAiMC4zNi4xIgpzb3VyY2UgPSAicmVnaXN0cnkraHR0cHM6Ly9naXRodWIuY29tL3J1c3QtbGFuZy9jcmF0ZXMuaW8taW5kZXgiCmNoZWNrc3VtID0gIjlmZjdkZDEwZjRhNzEzM2EyYzZmZWIzZjc5ZTA0OTUzZjlhM2MxZWRhOWY4NDQ0YjQzYzEzMDBmMzAyZTAyZmQiCmRlcGVuZGVuY2llcyA9IFsKICJiaXRmbGFncyIsCiAiZWxyb25kLWNvZGVjIiwKICJlbHJvbmQtd2FzbS1kZXJpdmUiLAogImdpdC12ZXJzaW9uIiwKICJoYXNoYnJvd24iLAogImhleC1saXRlcmFsIiwKICJudW0tdHJhaXRzIiwKICJ3ZWVfYWxsb2MiLApdCgpbW3BhY2thZ2VdXQpuYW1lID0gImVscm9uZC13YXNtLWRlcml2ZSIKdmVyc2lvbiA9ICIwLjM2LjEiCnNvdXJjZSA9ICJyZWdpc3RyeStodHRwczovL2dpdGh1Yi5jb20vcnVzdC1sYW5nL2NyYXRlcy5pby1pbmRleCIKY2hlY2tzdW0gPSAiNjAzNTg5ODkxNjNhZTFjMjhiNzlkN2M2ODc4Njk4NzRjNzY1MDAxYmJkZmExMmEzMWRmZDkyMDM1MGJjN2EyMiIKZGVwZW5kZW5jaWVzID0gWwogImhleCIsCiAicHJvYy1tYWNybzIiLAogInF1b3RlIiwKICJyYWRpeF90cmllIiwKICJzeW4iLApdCgpbW3BhY2thZ2VdXQpuYW1lID0gImVscm9uZC13YXNtLW5vZGUiCnZlcnNpb24gPSAiMC4zNi4xIgpzb3VyY2UgPSAicmVnaXN0cnkraHR0cHM6Ly9naXRodWIuY29tL3J1c3QtbGFuZy9jcmF0ZXMuaW8taW5kZXgiCmNoZWNrc3VtID0gIjRjYjRkNGMxYWNlZDk2N2Y4NmRiYzJhMGEwMTkxMGQxZWJiMTBjZWFiNDU5Y2I0YTNkN2QyZTQzYjRkZjJmOWIiCmRlcGVuZGVuY2llcyA9IFsKICJlbHJvbmQtd2FzbSIsCl0KCltbcGFja2FnZV1dCm5hbWUgPSAiZWxyb25kLXdhc20tb3V0cHV0Igp2ZXJzaW9uID0gIjAuMzYuMSIKc291cmNlID0gInJlZ2lzdHJ5K2h0dHBzOi8vZ2l0aHViLmNvbS9ydXN0LWxhbmcvY3JhdGVzLmlvLWluZGV4IgpjaGVja3N1bSA9ICIzMmE4YzAyNTE1ZTQzZWY3ZmRhMGM3NGNjNGEwYTRkMzUzODQ2YWY5OTljYzgwMmMyMzA2YzM0ZmQ3MGNkYTExIgpkZXBlbmRlbmNpZXMgPSBbCiAiZWxyb25kLXdhc20tbm9kZSIsCiAid2VlX2FsbG9jIiwKXQoKW1twYWNrYWdlXV0KbmFtZSA9ICJlbXB0eSIKdmVyc2lvbiA9ICI0LjUuNiIKZGVwZW5kZW5jaWVzID0gWwogImVscm9uZC13YXNtIiwKXQoKW1twYWNrYWdlXV0KbmFtZSA9ICJlbXB0eS13YXNtIgp2ZXJzaW9uID0gIjQuNS42IgpkZXBlbmRlbmNpZXMgPSBbCiAiZWxyb25kLXdhc20tbm9kZSIsCiAiZWxyb25kLXdhc20tb3V0cHV0IiwKICJlbXB0eSIsCl0KCltbcGFja2FnZV1dCm5hbWUgPSAiZW5kaWFuLXR5cGUiCnZlcnNpb24gPSAiMC4xLjIiCnNvdXJjZSA9ICJyZWdpc3RyeStodHRwczovL2dpdGh1Yi5jb20vcnVzdC1sYW5nL2NyYXRlcy5pby1pbmRleCIKY2hlY2tzdW0gPSAiYzM0ZjA0NjY2ZDgzNWZmNWQ2MmUwNThjMzk5NTE0N2MwNmY0MmZlODZmZjA1MzMzNzYzMmJjYTgzZTQyNzAyZCIKCltbcGFja2FnZV1dCm5hbWUgPSAiZ2V0cmFuZG9tIgp2ZXJzaW9uID0gIjAuMi4zIgpzb3VyY2UgPSAicmVnaXN0cnkraHR0cHM6Ly9naXRodWIuY29tL3J1c3QtbGFuZy9jcmF0ZXMuaW8taW5kZXgiCmNoZWNrc3VtID0gIjdmY2Q5OTk0NjM1MjRjNTI2NTk1MTdmZTJjZWE5ODQ5M2NmZTQ4NWQxMDU2NWU3YjBmYjA3ZGJiYTdhZDI3NTMiCmRlcGVuZGVuY2llcyA9IFsKICJjZmctaWYgMS4wLjAiLAogImxpYmMiLAogIndhc2kiLApdCgpbW3BhY2thZ2VdXQpuYW1lID0gImdpdC12ZXJzaW9uIgp2ZXJzaW9uID0gIjAuMy41Igpzb3VyY2UgPSAicmVnaXN0cnkraHR0cHM6Ly9naXRodWIuY29tL3J1c3QtbGFuZy9jcmF0ZXMuaW8taW5kZXgiCmNoZWNrc3VtID0gImY2YjBkZWNjMDJmNDYzNmI5Y2NhZDM5MGRjYmU3N2I3MjJhNzdlZmVkZmEzOTNjYWY4Mzc5YTUxZDVjNjE4OTkiCmRlcGVuZGVuY2llcyA9IFsKICJnaXQtdmVyc2lvbi1tYWNybyIsCiAicHJvYy1tYWNyby1oYWNrIiwKXQoKW1twYWNrYWdlXV0KbmFtZSA9ICJnaXQtdmVyc2lvbi1tYWNybyIKdmVyc2lvbiA9ICIwLjMuNSIKc291cmNlID0gInJlZ2lzdHJ5K2h0dHBzOi8vZ2l0aHViLmNvbS9ydXN0LWxhbmcvY3JhdGVzLmlvLWluZGV4IgpjaGVja3N1bSA9ICJmZTY5ZjFjYmRiNmUyOGFmMmJhYzIxNGU5NDNiOTljZThhMGEwNmI0NDdkMTVkM2U2MTE2MWIwNDIzMTM5ZjNmIgpkZXBlbmRlbmNpZXMgPSBbCiAicHJvYy1tYWNyby1oYWNrIiwKICJwcm9jLW1hY3JvMiIsCiAicXVvdGUiLAogInN5biIsCl0KCltbcGFja2FnZV1dCm5hbWUgPSAiaGFzaGJyb3duIgp2ZXJzaW9uID0gIjAuMTEuMiIKc291cmNlID0gInJlZ2lzdHJ5K2h0dHBzOi8vZ2l0aHViLmNvbS9ydXN0LWxhbmcvY3JhdGVzLmlvLWluZGV4IgpjaGVja3N1bSA9ICJhYjVlZjBkNDkwOWVmMzcyNGNjOGNjZTZjY2M4NTcyYzVjODE3NTkyZTkyODVmNTQ2NGY4ZTg2ZjhiZDM3MjZlIgpkZXBlbmRlbmNpZXMgPSBbCiAiYWhhc2giLApdCgpbW3BhY2thZ2VdXQpuYW1lID0gImhleCIKdmVyc2lvbiA9ICIwLjQuMyIKc291cmNlID0gInJlZ2lzdHJ5K2h0dHBzOi8vZ2l0aHViLmNvbS9ydXN0LWxhbmcvY3JhdGVzLmlvLWluZGV4IgpjaGVja3N1bSA9ICI3ZjI0MjU0YWE5YTU0YjVjODU4ZWFlZTJmNWJjY2RiNDZhYWYwZTQ4NmE1OTVlZDVmZDhmODZiYTU1MjMyYTcwIgoKW1twYWNrYWdlXV0KbmFtZSA9ICJoZXgtbGl0ZXJhbCIKdmVyc2lvbiA9ICIwLjMuMSIKc291cmNlID0gInJlZ2lzdHJ5K2h0dHBzOi8vZ2l0aHViLmNvbS9ydXN0LWxhbmcvY3JhdGVzLmlvLWluZGV4IgpjaGVja3N1bSA9ICI1YWYxZjYzNWVmMWJjNTQ1ZDc4MzkyYjEzNmJmZTFjOTgwOWUwMjkwMjNjODRhMzYzOGE4NjRhMTBiODgxOWM4IgoKW1twYWNrYWdlXV0KbmFtZSA9ICJsaWJjIgp2ZXJzaW9uID0gIjAuMi44MSIKc291cmNlID0gInJlZ2lzdHJ5K2h0dHBzOi8vZ2l0aHViLmNvbS9ydXN0LWxhbmcvY3JhdGVzLmlvLWluZGV4IgpjaGVja3N1bSA9ICIxNDgyODIxMzA2MTY5ZWM0ZDA3ZjZhY2EzOTJhNDY4MWY2NmM3NWM5OTE4YWE0OTY0MWEyNTk1ZGI2NDA1M2NiIgoKW1twYWNrYWdlXV0KbmFtZSA9ICJtZW1vcnlfdW5pdHMiCnZlcnNpb24gPSAiMC40LjAiCnNvdXJjZSA9ICJyZWdpc3RyeStodHRwczovL2dpdGh1Yi5jb20vcnVzdC1sYW5nL2NyYXRlcy5pby1pbmRleCIKY2hlY2tzdW0gPSAiODQ1MjEwNWJhMDQ3MDY4ZjQwZmY3MDkzZGQxZDlkYTkwODk4ZTYzZGQ2MTczNjQ2MmU5Y2RkYTZhOTBhZDNjMyIKCltbcGFja2FnZV1dCm5hbWUgPSAibmliYmxlX3ZlYyIKdmVyc2lvbiA9ICIwLjAuNCIKc291cmNlID0gInJlZ2lzdHJ5K2h0dHBzOi8vZ2l0aHViLmNvbS9ydXN0LWxhbmcvY3JhdGVzLmlvLWluZGV4IgpjaGVja3N1bSA9ICJjOGQ3N2YzZGI0YmNlMDMzZjRkMDRkYjA4MDc5YjJlZjFjM2QwMmI0NGU4NmYyNWQwODg4NmZhZmE3NzU2ZmZhIgoKW1twYWNrYWdlXV0KbmFtZSA9ICJudW0tdHJhaXRzIgp2ZXJzaW9uID0gIjAuMi4xNSIKc291cmNlID0gInJlZ2lzdHJ5K2h0dHBzOi8vZ2l0aHViLmNvbS9ydXN0LWxhbmcvY3JhdGVzLmlvLWluZGV4IgpjaGVja3N1bSA9ICI1NzhlZGUzNGNmMDJmODkyNGFiOTQ0N2Y1MGMyODA3NWI0ZDNlNWIyNjk5NzIzNDVlN2UwMzcyYjM4YzZjZGNkIgpkZXBlbmRlbmNpZXMgPSBbCiAiYXV0b2NmZyIsCl0KCltbcGFja2FnZV1dCm5hbWUgPSAib25jZV9jZWxsIgp2ZXJzaW9uID0gIjEuOC4wIgpzb3VyY2UgPSAicmVnaXN0cnkraHR0cHM6Ly9naXRodWIuY29tL3J1c3QtbGFuZy9jcmF0ZXMuaW8taW5kZXgiCmNoZWNrc3VtID0gIjY5MmZjYjYzYjY0YjE3NTgwMjllMGE5NmVlNjNlMDQ5Y2U4YzU5NDg1ODdmMmY3MjA4ZGYwNDYyNWU1ZjZiNTYiCgpbW3BhY2thZ2VdXQpuYW1lID0gInByb2MtbWFjcm8taGFjayIKdmVyc2lvbiA9ICIwLjUuMTkiCnNvdXJjZSA9ICJyZWdpc3RyeStodHRwczovL2dpdGh1Yi5jb20vcnVzdC1sYW5nL2NyYXRlcy5pby1pbmRleCIKY2hlY2tzdW0gPSAiZGJmMGM0OGJjMWQ5MTM3NWFlNWMzY2Q4MWUzNzIyZGZmMWFiY2Y4MWEzMDk2MDI0MDY0MGQyMjNmNTlmZTBlNSIKCltbcGFja2FnZV1dCm5hbWUgPSAicHJvYy1tYWNybzIiCnZlcnNpb24gPSAiMS4wLjI0Igpzb3VyY2UgPSAicmVnaXN0cnkraHR0cHM6Ly9naXRodWIuY29tL3J1c3QtbGFuZy9jcmF0ZXMuaW8taW5kZXgiCmNoZWNrc3VtID0gIjFlMDcwNGVlMWE3ZTAwZDdiYjQxN2QwNzcwZWEzMDNjMWJjY2JhYmYwZWYxNjY3ZGFlOTJiNTk2N2Y1ZjhhNzEiCmRlcGVuZGVuY2llcyA9IFsKICJ1bmljb2RlLXhpZCIsCl0KCltbcGFja2FnZV1dCm5hbWUgPSAicXVvdGUiCnZlcnNpb24gPSAiMS4wLjgiCnNvdXJjZSA9ICJyZWdpc3RyeStodHRwczovL2dpdGh1Yi5jb20vcnVzdC1sYW5nL2NyYXRlcy5pby1pbmRleCIKY2hlY2tzdW0gPSAiOTkxNDMxYzM1MTlhM2YzNjg2MTg4MmRhOTM2MzBjZTY2YjUyOTE4ZGNmMWI4ZTJmZDY2YjM5N2ZjOTZmMjhkZiIKZGVwZW5kZW5jaWVzID0gWwogInByb2MtbWFjcm8yIiwKXQoKW1twYWNrYWdlXV0KbmFtZSA9ICJyYWRpeF90cmllIgp2ZXJzaW9uID0gIjAuMS42Igpzb3VyY2UgPSAicmVnaXN0cnkraHR0cHM6Ly9naXRodWIuY29tL3J1c3QtbGFuZy9jcmF0ZXMuaW8taW5kZXgiCmNoZWNrc3VtID0gIjNkMzY4MWIyOGNkOTVhY2ZiMDU2MGVhOTQ0MWY4MmQ2YTQ1MDRmYTNiMTViOTdiZDdiNmU5NTIxMzE4MjBlOTUiCmRlcGVuZGVuY2llcyA9IFsKICJlbmRpYW4tdHlwZSIsCiAibmliYmxlX3ZlYyIsCl0KCltbcGFja2FnZV1dCm5hbWUgPSAic3luIgp2ZXJzaW9uID0gIjEuMC42NyIKc291cmNlID0gInJlZ2lzdHJ5K2h0dHBzOi8vZ2l0aHViLmNvbS9ydXN0LWxhbmcvY3JhdGVzLmlvLWluZGV4IgpjaGVja3N1bSA9ICI2NDk4YTllZmMzNDI4NzFmOTFjYzJkMGQ2OTRjNjc0MzY4YjRjZWI0MGY2MmI2NWE3YTA4YzM3OTI5MzVlNzAyIgpkZXBlbmRlbmNpZXMgPSBbCiAicHJvYy1tYWNybzIiLAogInF1b3RlIiwKICJ1bmljb2RlLXhpZCIsCl0KCltbcGFja2FnZV1dCm5hbWUgPSAidW5pY29kZS14aWQiCnZlcnNpb24gPSAiMC4yLjEiCnNvdXJjZSA9ICJyZWdpc3RyeStodHRwczovL2dpdGh1Yi5jb20vcnVzdC1sYW5nL2NyYXRlcy5pby1pbmRleCIKY2hlY2tzdW0gPSAiZjdmZTBiYjM0Nzk2NTE0MzljOTExMmY3MmI2YzUwNTAzODU3NGM5ZmJiNTc1ZWQxYmYzYjc5N2ZhMzlkZDU2NCIKCltbcGFja2FnZV1dCm5hbWUgPSAidmVyc2lvbl9jaGVjayIKdmVyc2lvbiA9ICIwLjkuMyIKc291cmNlID0gInJlZ2lzdHJ5K2h0dHBzOi8vZ2l0aHViLmNvbS9ydXN0LWxhbmcvY3JhdGVzLmlvLWluZGV4IgpjaGVja3N1bSA9ICI1ZmVjZGNhOWE1MjkxY2MyYjhkY2Y3ZGMwMjQ1M2ZlZTc5MWEyODBmMzc0M2NiMDkwNWY4ODIyYWU0NjNiM2ZlIgoKW1twYWNrYWdlXV0KbmFtZSA9ICJ3YXNpIgp2ZXJzaW9uID0gIjAuMTAuMit3YXNpLXNuYXBzaG90LXByZXZpZXcxIgpzb3VyY2UgPSAicmVnaXN0cnkraHR0cHM6Ly9naXRodWIuY29tL3J1c3QtbGFuZy9jcmF0ZXMuaW8taW5kZXgiCmNoZWNrc3VtID0gImZkNmZiZDlhNzk4MjlkZDFhZDBjYzIwNjI3YmYxZWQ2MDY3NTZhN2Y3N2VkZmY3YjY2YjcwNjRmOWNiMzI3YzYiCgpbW3BhY2thZ2VdXQpuYW1lID0gIndlZV9hbGxvYyIKdmVyc2lvbiA9ICIwLjQuNSIKc291cmNlID0gInJlZ2lzdHJ5K2h0dHBzOi8vZ2l0aHViLmNvbS9ydXN0LWxhbmcvY3JhdGVzLmlvLWluZGV4IgpjaGVja3N1bSA9ICJkYmIzYjVhNmIyYmIxN2NiNmFkNDRhMmU2OGE0M2U4ZDI3MjJjOTk3ZGExMGU5Mjg2NjVjNzJlYzZjMGEwYjhlIgpkZXBlbmRlbmNpZXMgPSBbCiAiY2ZnLWlmIDAuMS4xMCIsCiAibGliYyIsCiAibWVtb3J5X3VuaXRzIiwKICJ3aW5hcGkiLApdCgpbW3BhY2thZ2VdXQpuYW1lID0gIndpbmFwaSIKdmVyc2lvbiA9ICIwLjMuOSIKc291cmNlID0gInJlZ2lzdHJ5K2h0dHBzOi8vZ2l0aHViLmNvbS9ydXN0LWxhbmcvY3JhdGVzLmlvLWluZGV4IgpjaGVja3N1bSA9ICI1YzgzOWE2NzRmY2Q3YTk4OTUyZTU5MzI0MmVhNDAwYWJlOTM5OTI3NDY3NjFlMzg2NDE0MDVkMjhiMDBmNDE5IgpkZXBlbmRlbmNpZXMgPSBbCiAid2luYXBpLWk2ODYtcGMtd2luZG93cy1nbnUiLAogIndpbmFwaS14ODZfNjQtcGMtd2luZG93cy1nbnUiLApdCgpbW3BhY2thZ2VdXQpuYW1lID0gIndpbmFwaS1pNjg2LXBjLXdpbmRvd3MtZ251Igp2ZXJzaW9uID0gIjAuNC4wIgpzb3VyY2UgPSAicmVnaXN0cnkraHR0cHM6Ly9naXRodWIuY29tL3J1c3QtbGFuZy9jcmF0ZXMuaW8taW5kZXgiCmNoZWNrc3VtID0gImFjM2I4N2M2MzYyMDQyNmRkOWI5OTFlNWNlMDMyOWVmZjU0NWJjY2JiYjM0ZjNiZTA5ZmY2ZmI2YWI1MWI3YjYiCgpbW3BhY2thZ2VdXQpuYW1lID0gIndpbmFwaS14ODZfNjQtcGMtd2luZG93cy1nbnUiCnZlcnNpb24gPSAiMC40LjAiCnNvdXJjZSA9ICJyZWdpc3RyeStodHRwczovL2dpdGh1Yi5jb20vcnVzdC1sYW5nL2NyYXRlcy5pby1pbmRleCIKY2hlY2tzdW0gPSAiNzEyZTIyNzg0MWQwNTdjMWVlMWNkMmZiMjJmYTdlNWE1NDYxYWU4ZTQ4ZmEyY2E3OWVjNDJjZmMxOTMxMTgzZiIK"
        },
        {
            "path": "wasm/Cargo.toml",
            "content": "W3BhY2thZ2VdCm5hbWUgPSAiZW1wdHktd2FzbSIKdmVyc2lvbiA9ICI0LjUuNiIKZWRpdGlvbiA9ICIyMDE4IgpwdWJsaXNoID0gZmFsc2UKCltsaWJdCmNyYXRlLXR5cGUgPSBbImNkeWxpYiJdCgpbcHJvZmlsZS5yZWxlYXNlXQpjb2RlZ2VuLXVuaXRzID0gMQpvcHQtbGV2ZWwgPSAieiIKbHRvID0gdHJ1ZQpkZWJ1ZyA9IGZhbHNlCnBhbmljID0gImFib3J0IgoKW2RlcGVuZGVuY2llcy5lbXB0eV0KcGF0aCA9ICIuLiIKCltkZXBlbmRlbmNpZXMuZWxyb25kLXdhc20tbm9kZV0KdmVyc2lvbiA9ICIwLjM2LjEiCgpbZGVwZW5kZW5jaWVzLmVscm9uZC13YXNtLW91dHB1dF0KdmVyc2lvbiA9ICIwLjM2LjEiCmZlYXR1cmVzID0gWyJ3YXNtLW91dHB1dC1tb2RlIl0KClt3b3Jrc3BhY2VdCm1lbWJlcnMgPSBbIi4iXQo="
        },
        {
            "path": "wasm/src/lib.rs",
            "content": "Ly8vLy8vLy8vLy8vLy8vLy8vLy8vLy8vLy8vLy8vLy8vLy8vLy8vLy8vLy8vLy8vLy8vLwovLy8vLy8vLy8vLy8vLy8vLy8gQVVUTy1HRU5FUkFURUQgLy8vLy8vLy8vLy8vLy8vLy8vCi8vLy8vLy8vLy8vLy8vLy8vLy8vLy8vLy8vLy8vLy8vLy8vLy8vLy8vLy8vLy8vLy8vLy8KCiMhW25vX3N0ZF0KCmVscm9uZF93YXNtX25vZGU6Ondhc21fZW5kcG9pbnRzISB7CiAgICBlbXB0eQogICAgKAogICAgKQp9CgplbHJvbmRfd2FzbV9ub2RlOjp3YXNtX2VtcHR5X2NhbGxiYWNrISB7fQo="
        }
    ]
}
